 Image cognition-worker Building 
 Image cognition-cognition Building 
#1 [internal] load local bake definitions
#1 reading from stdin 997B done
#1 DONE 0.0s

#2 [worker internal] load build definition from Dockerfile
#2 transferring dockerfile: 584B 0.0s done
#2 DONE 0.0s

#3 [worker internal] load metadata for docker.io/library/python:3.12-slim
#3 DONE 1.4s

#4 [cognition internal] load metadata for docker.io/library/node:22-alpine
#4 DONE 1.4s

#5 [cognition internal] load .dockerignore
#5 transferring context: 200B done
#5 DONE 0.0s

#6 [worker stage-1 1/7] FROM docker.io/library/python:3.12-slim@sha256:2f17fc044b579bab302c2e8054d3a686e2cb9a83de48e70534b94cd8ebbe06a9
#6 resolve docker.io/library/python:3.12-slim@sha256:2f17fc044b579bab302c2e8054d3a686e2cb9a83de48e70534b94cd8ebbe06a9 0.0s done
#6 DONE 0.0s

#7 [worker frontend 1/6] FROM docker.io/library/node:22-alpine@sha256:b6f26b36c8ff49624cfdac716b8ea1138d606df02586a77d364bb5536a634f85
#7 resolve docker.io/library/node:22-alpine@sha256:b6f26b36c8ff49624cfdac716b8ea1138d606df02586a77d364bb5536a634f85 0.0s done
#7 DONE 0.0s

#8 [worker internal] load build context
#8 transferring context: 64.67kB 0.0s done
#8 DONE 0.0s

#9 [cognition frontend 3/6] COPY frontend/package*.json ./
#9 CACHED

#10 [cognition frontend 2/6] WORKDIR /build
#10 CACHED

#11 [cognition frontend 4/6] RUN npm ci
#11 CACHED

#12 [worker stage-1 2/7] WORKDIR /app
#12 CACHED

#13 [worker stage-1 3/7] COPY backend/requirements.txt .
#13 CACHED

#14 [worker stage-1 4/7] RUN pip install --no-cache-dir -r requirements.txt
#14 CACHED

#15 [cognition frontend 5/6] COPY frontend/ ./
#15 DONE 0.0s

#16 [worker stage-1 5/7] COPY backend/app ./app
#16 DONE 0.0s

#17 [worker frontend 6/6] RUN npm run build
#17 0.525 
#17 0.525 > cognition-dashboard@0.1.0 build
#17 0.525 > tsc -b && vite build
#17 0.525 
#17 2.263 vite v6.4.3 building for production...
#17 2.304 transforming...
#17 3.845 ✓ 1580 modules transformed.
#17 3.945 rendering chunks...
#17 3.952 computing gzip size...
#17 3.962 dist/index.html                   0.42 kB │ gzip:  0.29 kB
#17 3.962 dist/assets/index-C8Zb0liQ.css   18.18 kB │ gzip:  4.88 kB
#17 3.962 dist/assets/index-C7EimK1f.js   258.66 kB │ gzip: 78.71 kB
#17 3.962 ✓ built in 1.68s
#17 DONE 4.0s

#18 [cognition stage-1 6/7] COPY --from=frontend /build/dist ./static
#18 DONE 0.0s

#19 [worker stage-1 7/7] RUN useradd --create-home cognition && mkdir -p /app/data && chown cognition:cognition /app/data
#19 DONE 0.2s

#20 [worker] exporting to image
#20 exporting layers 0.1s done
#20 exporting manifest sha256:2c750fc8861685586e74a88fd9ad024b3ca937cded82b03a781a2bd2cf298183 done
#20 exporting config sha256:2ad18b5061e3fcc54dd6757bb7c93791a92912cb637cf0964b53cd7e4f018d43 done
#20 exporting attestation manifest sha256:7fb75e30db6943ee8645bfe5c28688d8893bb61f163186820a843be413fb805f
#20 exporting attestation manifest sha256:7fb75e30db6943ee8645bfe5c28688d8893bb61f163186820a843be413fb805f 0.0s done
#20 exporting manifest list sha256:f0ef15cfba88aa1c85aacb4e52aca0ba515dc8f36fa441041348d471ea86d16a done
#20 naming to docker.io/library/cognition-worker:latest done
#20 unpacking to docker.io/library/cognition-worker:latest 0.0s done
#20 DONE 0.2s

#21 [cognition] exporting to image
#21 exporting layers 0.1s done
#21 exporting manifest sha256:2703bea7e750a29ea8ac2e834c092a505b6380ce551f01d636a7825be30f8447 done
#21 exporting config sha256:d99c58263baf7f8ba856f752b80a3f1a513ee9fadf6a10682907d073d658e38f done
#21 exporting attestation manifest sha256:2ee2d42d21887508fe74ceb60313ffef9961d6f58a911d97eb027f20b5f1ad14 0.0s done
#21 exporting manifest list sha256:ca6b12ab6b57935b847bbb59c69eae3add9cd053f43f684c11c21745fd667673 done
#21 naming to docker.io/library/cognition-cognition:latest done
#21 unpacking to docker.io/library/cognition-cognition:latest 0.0s done
#21 DONE 0.2s

#22 [cognition] resolving provenance for metadata file
#22 DONE 0.0s

#23 [worker] resolving provenance for metadata file
#23 DONE 0.0s
 Image cognition-cognition Built 
 Image cognition-worker Built 
 Container cognition-cognition-1 Recreate 
 Container cognition-worker-1 Recreate 
 Container cognition-cognition-1 Recreated 
 Container cognition-worker-1 Recreated 
 Container cognition-worker-1 Starting 
 Container cognition-cognition-1 Starting 
 Container cognition-cognition-1 Started 
 Container cognition-worker-1 Started 
